warning[W0901]: unreachable code: the 'return' above always leaves this block
  --> 09_static_analysis.luma:24:3
   |
24 |   print("unreachable")
   |   ^
error[E0301]: undefined variable 'heigth'
  --> 09_static_analysis.luma:17:11
   |
17 |   width * heigth
   |           ^^^^^^
   = help: did you mean 'height'?

error[E0401]: 'break' outside of a loop
  --> 09_static_analysis.luma:28:1
   |
28 | break;
   | ^^^^^
   = help: break may only appear inside a while or for loop

error[E0302]: cannot assign to undeclared variable 'total'
  --> 09_static_analysis.luma:31:1
   |
31 | total = area();
   | ^^^^^
   = help: use 'let total = ...' to declare it first

3 errors found
